// Jest Snapshot v1, https://goo.gl/fbAQLP

exports[`<Main /> 1. should render the reading 1`] = `
<main>
  <h2>
    React Avan√ßado
  </h2>
</main>
`;
